mode: set
github.com/xingran-next/xingran-go-backend/internal/middleware/apikey.go:23.102,24.30 1 0
github.com/xingran-next/xingran-go-backend/internal/middleware/apikey.go:24.30,27.22 2 0
github.com/xingran-next/xingran-go-backend/internal/middleware/apikey.go:27.22,31.4 2 0
github.com/xingran-next/xingran-go-backend/internal/middleware/apikey.go:34.3,34.35 1 0
github.com/xingran-next/xingran-go-backend/internal/middleware/apikey.go:34.35,38.4 3 0
github.com/xingran-next/xingran-go-backend/internal/middleware/apikey.go:41.3,42.17 2 0
github.com/xingran-next/xingran-go-backend/internal/middleware/apikey.go:42.17,46.4 3 0
github.com/xingran-next/xingran-go-backend/internal/middleware/apikey.go:49.3,49.61 1 0
github.com/xingran-next/xingran-go-backend/internal/middleware/apikey.go:49.61,51.81 2 0
github.com/xingran-next/xingran-go-backend/internal/middleware/apikey.go:51.81,53.42 2 0
github.com/xingran-next/xingran-go-backend/internal/middleware/apikey.go:53.42,57.6 3 0
github.com/xingran-next/xingran-go-backend/internal/middleware/apikey.go:62.3,63.51 2 0
github.com/xingran-next/xingran-go-backend/internal/middleware/apikey.go:63.51,64.73 1 0
github.com/xingran-next/xingran-go-backend/internal/middleware/apikey.go:64.73,66.5 1 0
github.com/xingran-next/xingran-go-backend/internal/middleware/apikey.go:70.3,73.13 2 0
github.com/xingran-next/xingran-go-backend/internal/middleware/apikey.go:73.13,81.4 1 0
github.com/xingran-next/xingran-go-backend/internal/middleware/apikey.go:83.3,83.11 1 0
github.com/xingran-next/xingran-go-backend/internal/middleware/apikey.go:88.43,90.2 1 0
github.com/xingran-next/xingran-go-backend/internal/middleware/apikey.go:94.40,96.20 1 1
github.com/xingran-next/xingran-go-backend/internal/middleware/apikey.go:96.20,98.3 1 1
github.com/xingran-next/xingran-go-backend/internal/middleware/apikey.go:101.2,101.40 1 1
github.com/xingran-next/xingran-go-backend/internal/middleware/apikey.go:101.40,103.3 1 0
github.com/xingran-next/xingran-go-backend/internal/middleware/apikey.go:106.2,107.28 2 1
github.com/xingran-next/xingran-go-backend/internal/middleware/apikey.go:107.28,108.84 1 1
github.com/xingran-next/xingran-go-backend/internal/middleware/apikey.go:108.84,110.4 1 1
github.com/xingran-next/xingran-go-backend/internal/middleware/apikey.go:113.2,113.13 1 1
github.com/xingran-next/xingran-go-backend/internal/middleware/apikey.go:118.60,120.25 1 1
github.com/xingran-next/xingran-go-backend/internal/middleware/apikey.go:120.25,122.3 1 1
github.com/xingran-next/xingran-go-backend/internal/middleware/apikey.go:125.2,126.15 2 1
github.com/xingran-next/xingran-go-backend/internal/middleware/apikey.go:126.15,128.3 1 1
github.com/xingran-next/xingran-go-backend/internal/middleware/apikey.go:131.2,131.36 1 1
github.com/xingran-next/xingran-go-backend/internal/middleware/apikey.go:131.36,132.37 1 1
github.com/xingran-next/xingran-go-backend/internal/middleware/apikey.go:132.37,135.18 2 1
github.com/xingran-next/xingran-go-backend/internal/middleware/apikey.go:135.18,136.13 1 0
github.com/xingran-next/xingran-go-backend/internal/middleware/apikey.go:138.4,138.26 1 1
github.com/xingran-next/xingran-go-backend/internal/middleware/apikey.go:138.26,140.5 1 1
github.com/xingran-next/xingran-go-backend/internal/middleware/apikey.go:141.9,143.27 1 1
github.com/xingran-next/xingran-go-backend/internal/middleware/apikey.go:143.27,145.5 1 1
github.com/xingran-next/xingran-go-backend/internal/middleware/apikey.go:149.2,149.14 1 1
github.com/xingran-next/xingran-go-backend/internal/middleware/apikey.go:154.83,165.39 2 0
github.com/xingran-next/xingran-go-backend/internal/middleware/apikey.go:165.39,169.23 3 0
github.com/xingran-next/xingran-go-backend/internal/middleware/apikey.go:169.23,171.4 1 0
github.com/xingran-next/xingran-go-backend/internal/middleware/apikey.go:174.3,181.40 6 0
github.com/xingran-next/xingran-go-backend/internal/middleware/apikey.go:181.40,184.4 1 0
github.com/xingran-next/xingran-go-backend/internal/middleware/apikey.go:191.57,192.30 1 0
github.com/xingran-next/xingran-go-backend/internal/middleware/apikey.go:192.30,195.14 2 0
github.com/xingran-next/xingran-go-backend/internal/middleware/apikey.go:195.14,199.4 3 0
github.com/xingran-next/xingran-go-backend/internal/middleware/apikey.go:202.3,203.10 2 0
github.com/xingran-next/xingran-go-backend/internal/middleware/apikey.go:203.10,207.4 3 0
github.com/xingran-next/xingran-go-backend/internal/middleware/apikey.go:210.3,211.36 2 0
github.com/xingran-next/xingran-go-backend/internal/middleware/apikey.go:211.36,212.50 1 0
github.com/xingran-next/xingran-go-backend/internal/middleware/apikey.go:212.50,214.10 2 0
github.com/xingran-next/xingran-go-backend/internal/middleware/apikey.go:218.3,218.16 1 0
github.com/xingran-next/xingran-go-backend/internal/middleware/apikey.go:218.16,222.4 3 0
github.com/xingran-next/xingran-go-backend/internal/middleware/apikey.go:224.3,224.11 1 0
github.com/xingran-next/xingran-go-backend/internal/middleware/apikey.go:230.86,231.30 1 0
github.com/xingran-next/xingran-go-backend/internal/middleware/apikey.go:231.30,237.3 2 0
github.com/xingran-next/xingran-go-backend/internal/middleware/apikey.go:242.45,252.39 2 1
github.com/xingran-next/xingran-go-backend/internal/middleware/apikey.go:252.39,254.3 1 1
github.com/xingran-next/xingran-go-backend/internal/middleware/apikey.go:255.2,255.15 1 1
github.com/xingran-next/xingran-go-backend/internal/middleware/apikey.go:261.74,262.30 1 0
github.com/xingran-next/xingran-go-backend/internal/middleware/apikey.go:262.30,265.39 2 0
github.com/xingran-next/xingran-go-backend/internal/middleware/apikey.go:265.39,269.4 2 0
github.com/xingran-next/xingran-go-backend/internal/middleware/apikey.go:272.3,285.15 7 0
github.com/xingran-next/xingran-go-backend/internal/middleware/apikey.go:285.15,291.4 4 0
github.com/xingran-next/xingran-go-backend/internal/middleware/apikey.go:293.3,293.11 1 0
github.com/xingran-next/xingran-go-backend/internal/middleware/apikey.go:299.49,301.84 1 0
github.com/xingran-next/xingran-go-backend/internal/middleware/apikey.go:301.84,303.3 1 0
github.com/xingran-next/xingran-go-backend/internal/middleware/apikey.go:306.2,307.13 2 0
github.com/xingran-next/xingran-go-backend/internal/middleware/apikey.go:307.13,309.3 1 0
github.com/xingran-next/xingran-go-backend/internal/middleware/apikey.go:311.2,312.33 2 0
github.com/xingran-next/xingran-go-backend/internal/middleware/apikey.go:312.33,314.3 1 0
github.com/xingran-next/xingran-go-backend/internal/middleware/apikey.go:317.2,317.22 1 0
github.com/xingran-next/xingran-go-backend/internal/middleware/apikey.go:322.43,324.53 1 0
github.com/xingran-next/xingran-go-backend/internal/middleware/apikey.go:324.53,325.50 1 0
github.com/xingran-next/xingran-go-backend/internal/middleware/apikey.go:325.50,327.4 1 0
github.com/xingran-next/xingran-go-backend/internal/middleware/apikey.go:331.2,331.48 1 0
github.com/xingran-next/xingran-go-backend/internal/middleware/apikey.go:331.48,332.48 1 0
github.com/xingran-next/xingran-go-backend/internal/middleware/apikey.go:332.48,334.4 1 0
github.com/xingran-next/xingran-go-backend/internal/middleware/apikey.go:338.2,338.29 1 0
